Copyright 1986-2021 Xilinx, Inc. All Rights Reserved.
-----------------------------------------------------------------------------------------------------------------------------------------------------------------------------------
| Tool Version : Vivado v.2021.2 (lin64) Build 3367213 Tue Oct 19 02:47:39 MDT 2021
| Date         : Fri Apr 17 21:55:01 2026
| Host         : ece-lnx-10 running 64-bit Red Hat Enterprise Linux release 8.10 (Ootpa)
| Command      : report_design_analysis -timing -logic_level_distribution -of_timing_paths [get_timing_paths -max_paths 10000 -slack_lesser_than 0] -file ./outputs/route_vios.rpt
| Design       : bnn_fcc_timing
| Device       : xcu250
| Design State : Fully Placed
-----------------------------------------------------------------------------------------------------------------------------------------------------------------------------------

Report Design Analysis

Table of Contents
-----------------
1. Path Characteristics 1-81
2. Logic Level Distribution

1. Path Characteristics 1-81
----------------------------

+----------+-------------+------------+-------------+------------+------------+--------+-------------------+--------------------+-------------------+--------------+--------+----------------------------------------------+-------------------+-----------------+-----------+-------+------------+-------------+--------------+---------------+---------+-------------+------------+------------+---------------------------+--------------------------+------------------------------------+--------------------------------------------------+
|   Paths  | Requirement | Path Delay | Logic Delay |  Net Delay | Clock Skew |  Slack | Clock Uncertainty | Clock Relationship | Clock Delay Group | Logic Levels | Routes |                 Logical Path                 | Start Point Clock | End Point Clock | DSP Block |  BRAM | URAM INPUT | URAM OUTPUT | IO Crossings | SLR Crossings | PBlocks | High Fanout | Dont Touch | Mark Debug | Start Point Pin Primitive |  End Point Pin Primitive |           Start Point Pin          |                   End Point Pin                  |
+----------+-------------+------------+-------------+------------+------------+--------+-------------------+--------------------+-------------------+--------------+--------+----------------------------------------------+-------------------+-----------------+-----------+-------+------------+-------------+--------------+---------------+---------+-------------+------------+------------+---------------------------+--------------------------+------------------------------------+--------------------------------------------------+
| Path #1  | 1.000       | 0.966      | 0.366(38%)  | 0.600(62%) | -0.082     | -0.059 | 0.035             | Safely Timed       | Same Clock        | 3            | 3      | FDCE/C-(9)-LUT3-(3)-LUT6-(1)-LUT6-(1)-FDCE/D | clk               | clk             | None      | None  | None       | None        | 0            | 0             | 0       | 9           | 0          | 0          | FDCE/C                    | FDCE/D                   | bank1_full_r_reg/C                 | write_bank_sel_reg/D                             |
| Path #2  | 1.000       | 0.610      | 0.080(14%)  | 0.530(86%) | -0.116     | -0.049 | 0.035             | Safely Timed       | Same Clock        | 0            | 1      | FDRE/C-(1)-RAMB36E2/DINADIN[4]               | clk               | clk             | None      | Input | None       | None        | 0            | 0             | 0       | 1           | 0          | 0          | FDRE/C                    | RAMB36E2/DINADIN[4]      | wdata_r_reg[4]/C                   | gen_wr_a.gen_word_narrow.mem_reg/DINADIN[4]      |
| Path #3  | 1.000       | 0.920      | 0.115(13%)  | 0.805(87%) | -0.118     | -0.049 | 0.035             | Safely Timed       | Same Clock        | 1            | 2      | FDRE/C-(8)-LUT3-(1)-FDRE/D                   | clk               | clk             | None      | None  | None       | None        | 0            | 0             | 0       | 8           | 0          | 0          | FDRE/C                    | FDRE/D                   | w_ram_wen_a_r_reg/C                | addr_r_reg[0]/D                                  |
| Path #4  | 1.000       | 0.633      | 0.076(13%)  | 0.557(87%) | -0.110     | -0.046 | 0.035             | Safely Timed       | Same Clock        | 0            | 1      | FDRE/C-(1)-RAMB36E2/DINADIN[3]               | clk               | clk             | None      | Input | None       | None        | 0            | 0             | 0       | 1           | 0          | 0          | FDRE/C                    | RAMB36E2/DINADIN[3]      | wdata_r_reg[3]/C                   | gen_wr_a.gen_word_narrow.mem_reg/DINADIN[3]      |
| Path #5  | 1.000       | 0.846      | 0.178(22%)  | 0.668(78%) | -0.075     | -0.037 | 0.035             | Safely Timed       | Same Clock        | 1            | 2      | FDRE/C-(8)-LUT4-(2)-RAMD32/I                 | clk               | clk             | None      | None  | None       | None        | 0            | 0             | 0       | 8           | 0          | 0          | FDRE/C                    | RAMD32/I                 | ostream_reg[5]/C                   | RAMD_D1/I                                        |
| Path #6  | 1.000       | 0.932      | 0.266(29%)  | 0.666(71%) | -0.088     | -0.030 | 0.035             | Safely Timed       | Same Clock        | 2            | 3      | FDRE/C-(1)-LUT6-(1)-LUT5-(1)-FDSE/D          | clk               | clk             | None      | None  | None       | None        | 0            | 0             | 0       | 1           | 0          | 0          | FDRE/C                    | FDSE/D                   | neuron_bytes_s0_reg[34][7]/C       | beat_bytes_s1_reg[2][7]/D                        |
| Path #7  | 1.000       | 0.917      | 0.178(20%)  | 0.739(80%) | -0.103     | -0.030 | 0.035             | Safely Timed       | Same Clock        | 1            | 2      | FDRE/C-(28)-LUT5-(2)-FDRE/D                  | clk               | clk             | None      | None  | None       | None        | 0            | 0             | 0       | 28          | 0          | 0          | FDRE/C                    | FDRE/D                   | w_cfg_bank_reg_0_reg[3]/C          | w_ram_wen_a_r_reg/D                              |
| Path #8  | 1.000       | 0.821      | 0.203(25%)  | 0.618(75%) | -0.199     | -0.030 | 0.035             | Safely Timed       | Same Clock        | 1            | 2      | FDRE/C-(3)-LUT4-(1)-FDRE/D                   | clk               | clk             | None      | None  | None       | None        | 0            | 0             | 0       | 3           | 0          | 0          | FDRE/C                    | FDRE/D                   | out_reg[43]/C                      | reg1_reg[10][0]/D                                |
| Path #9  | 1.000       | 0.829      | 0.201(25%)  | 0.628(75%) | -0.105     | -0.029 | 0.035             | Safely Timed       | Same Clock        | 1            | 2      | FDRE/C-(14)-LUT4-(64)-FDRE/CE                | clk               | clk             | None      | None  | None       | None        | 0            | 0             | 0       | 64          | 0          | 0          | FDRE/C                    | FDRE/CE                  | pack_slot_reg[7]/C                 | pack_buf_reg[40]/CE                              |
| Path #10 | 1.000       | 0.831      | 0.201(25%)  | 0.630(75%) | -0.101     | -0.028 | 0.035             | Safely Timed       | Same Clock        | 1            | 2      | FDRE/C-(14)-LUT4-(64)-FDRE/CE                | clk               | clk             | None      | None  | None       | None        | 0            | 0             | 0       | 64          | 0          | 0          | FDRE/C                    | FDRE/CE                  | pack_slot_reg[7]/C                 | pack_buf_reg[22]/CE                              |
| Path #11 | 1.000       | 0.831      | 0.201(25%)  | 0.630(75%) | -0.101     | -0.028 | 0.035             | Safely Timed       | Same Clock        | 1            | 2      | FDRE/C-(14)-LUT4-(64)-FDRE/CE                | clk               | clk             | None      | None  | None       | None        | 0            | 0             | 0       | 64          | 0          | 0          | FDRE/C                    | FDRE/CE                  | pack_slot_reg[7]/C                 | pack_buf_reg[38]/CE                              |
| Path #12 | 1.000       | 0.831      | 0.201(25%)  | 0.630(75%) | -0.101     | -0.028 | 0.035             | Safely Timed       | Same Clock        | 1            | 2      | FDRE/C-(14)-LUT4-(64)-FDRE/CE                | clk               | clk             | None      | None  | None       | None        | 0            | 0             | 0       | 64          | 0          | 0          | FDRE/C                    | FDRE/CE                  | pack_slot_reg[7]/C                 | pack_buf_reg[7]/CE                               |
| Path #13 | 1.000       | 0.839      | 0.078(10%)  | 0.761(90%) | -0.178     | -0.027 | 0.035             | Safely Timed       | Same Clock        | 0            | 1      | FDRE/C-(32)-FDRE/D                           | clk               | clk             | None      | None  | None       | None        | 0            | 0             | 0       | 32          | 0          | 0          | FDRE/C                    | FDRE/D                   | w_ram_a_data_r_reg[15]/C           | wdata_r_reg[15]/D                                |
| Path #14 | 1.000       | 0.829      | 0.201(25%)  | 0.628(75%) | -0.101     | -0.026 | 0.035             | Safely Timed       | Same Clock        | 1            | 2      | FDRE/C-(14)-LUT4-(64)-FDRE/CE                | clk               | clk             | None      | None  | None       | None        | 0            | 0             | 0       | 64          | 0          | 0          | FDRE/C                    | FDRE/CE                  | pack_slot_reg[7]/C                 | pack_buf_reg[12]/CE                              |
| Path #15 | 1.000       | 0.829      | 0.201(25%)  | 0.628(75%) | -0.101     | -0.026 | 0.035             | Safely Timed       | Same Clock        | 1            | 2      | FDRE/C-(14)-LUT4-(64)-FDRE/CE                | clk               | clk             | None      | None  | None       | None        | 0            | 0             | 0       | 64          | 0          | 0          | FDRE/C                    | FDRE/CE                  | pack_slot_reg[7]/C                 | pack_buf_reg[33]/CE                              |
| Path #16 | 1.000       | 0.829      | 0.201(25%)  | 0.628(75%) | -0.101     | -0.026 | 0.035             | Safely Timed       | Same Clock        | 1            | 2      | FDRE/C-(14)-LUT4-(64)-FDRE/CE                | clk               | clk             | None      | None  | None       | None        | 0            | 0             | 0       | 64          | 0          | 0          | FDRE/C                    | FDRE/CE                  | pack_slot_reg[7]/C                 | pack_buf_reg[42]/CE                              |
| Path #17 | 1.000       | 0.823      | 0.226(28%)  | 0.597(72%) | -0.192     | -0.026 | 0.035             | Safely Timed       | Same Clock        | 1            | 2      | FDRE/C-(3)-LUT4-(1)-FDRE/D                   | clk               | clk             | None      | None  | None       | None        | 0            | 0             | 0       | 3           | 0          | 0          | FDRE/C                    | FDRE/D                   | out_reg[37]/C                      | reg1_reg[9][2]/D                                 |
| Path #18 | 1.000       | 0.909      | 0.252(28%)  | 0.657(72%) | -0.106     | -0.025 | 0.035             | Safely Timed       | Same Clock        | 2            | 2      | FDRE/C-(72)-LUT6-(1)-LUT6-(1)-FDSE/D         | clk               | clk             | None      | None  | None       | None        | 0            | 0             | 0       | 72          | 0          | 0          | FDRE/C                    | FDSE/D                   | beat_idx_s0_reg[1]/C               | beat_bytes_s1_reg[1][0]/D                        |
| Path #19 | 1.000       | 0.636      | 0.081(13%)  | 0.555(87%) | -0.107     | -0.022 | 0.035             | Safely Timed       | Same Clock        | 0            | 1      | FDRE/C-(1)-RAMB36E2/DINADIN[6]               | clk               | clk             | None      | Input | None       | None        | 0            | 0             | 0       | 1           | 0          | 0          | FDRE/C                    | RAMB36E2/DINADIN[6]      | wdata_r_reg[6]/C                   | gen_wr_a.gen_word_narrow.mem_reg/DINADIN[6]      |
| Path #20 | 1.000       | 0.657      | 0.078(12%)  | 0.579(88%) | -0.020     | -0.021 | 0.035             | Safely Timed       | Same Clock        | 0            | 1      | FDRE/C-(2)-RAMB36E2/ADDRBWRADDR[10]          | clk               | clk             | None      | Input | None       | None        | 0            | 0             | 0       | 2           | 0          | 0          | FDRE/C                    | RAMB36E2/ADDRBWRADDR[10] | addr_r_reg[5]/C                    | gen_wr_a.gen_word_narrow.mem_reg/ADDRBWRADDR[10] |
| Path #21 | 1.000       | 0.610      | 0.081(14%)  | 0.529(86%) | -0.105     | -0.019 | 0.035             | Safely Timed       | Same Clock        | 0            | 1      | FDRE/C-(1)-RAMB36E2/DINADIN[29]              | clk               | clk             | None      | Input | None       | None        | 0            | 0             | 0       | 1           | 0          | 0          | FDRE/C                    | RAMB36E2/DINADIN[29]     | wdata_r_reg[29]/C                  | gen_wr_a.gen_word_narrow.mem_reg/DINADIN[29]     |
| Path #22 | 1.000       | 0.829      | 0.079(10%)  | 0.750(90%) | -0.179     | -0.018 | 0.035             | Safely Timed       | Same Clock        | 0            | 1      | FDRE/C-(32)-FDRE/D                           | clk               | clk             | None      | None  | None       | None        | 0            | 0             | 0       | 32          | 0          | 0          | FDRE/C                    | FDRE/D                   | w_ram_a_data_r_reg[13]/C           | wdata_r_reg[13]/D                                |
| Path #23 | 1.000       | 0.791      | 0.129(17%)  | 0.662(83%) | -0.216     | -0.018 | 0.035             | Safely Timed       | Same Clock        | 1            | 1      | FDRE/C-(2)-LUT6-(1)-FDRE/D                   | clk               | clk             | None      | None  | None       | None        | 0            | 0             | 0       | 2           | 0          | 0          | FDRE/C                    | FDRE/D                   | reg1_reg[10][2]/C                  | reg2_reg[5][2]/D                                 |
| Path #24 | 1.000       | 0.579      | 0.077(14%)  | 0.502(86%) | -0.009     | -0.017 | 0.035             | Safely Timed       | Same Clock        | 0            | 1      | FDRE/C-(8)-RAMB36E2/WEA[1]                   | clk               | clk             | None      | Input | None       | None        | 0            | 0             | 0       | 8           | 0          | 0          | FDRE/C                    | RAMB36E2/WEA[1]          | wen_r_reg/C                        | gen_wr_a.gen_word_narrow.mem_reg/WEA[1]          |
| Path #25 | 1.000       | 0.909      | 0.236(26%)  | 0.673(74%) | -0.097     | -0.017 | 0.035             | Safely Timed       | Same Clock        | 2            | 2      | FDRE/C-(72)-LUT6-(1)-LUT5-(1)-FDSE/D         | clk               | clk             | None      | None  | None       | None        | 0            | 0             | 0       | 72          | 0          | 0          | FDRE/C                    | FDSE/D                   | beat_idx_s0_reg[0]/C               | beat_bytes_s1_reg[7][2]/D                        |
| Path #26 | 1.000       | 0.911      | 0.317(35%)  | 0.594(65%) | -0.095     | -0.016 | 0.035             | Safely Timed       | Same Clock        | 2            | 2      | FDRE/C-(31)-LUT6-(1)-LUT6-(1)-FDSE/D         | clk               | clk             | None      | None  | None       | None        | 0            | 0             | 0       | 31          | 0          | 0          | FDRE/C                    | FDSE/D                   | beat_idx_s0_reg[1]_rep/C           | beat_bytes_s1_reg[1][7]/D                        |
| Path #27 | 1.000       | 0.592      | 0.079(14%)  | 0.513(86%) | -0.097     | -0.015 | 0.035             | Safely Timed       | Same Clock        | 0            | 1      | FDRE/C-(1)-RAMB36E2/DINADIN[0]               | clk               | clk             | None      | Input | None       | None        | 0            | 0             | 0       | 1           | 0          | 0          | FDRE/C                    | RAMB36E2/DINADIN[0]      | wdata_r_reg[0]/C                   | gen_wr_a.gen_word_narrow.mem_reg/DINADIN[0]      |
| Path #28 | 1.000       | 0.908      | 0.325(36%)  | 0.583(64%) | -0.096     | -0.014 | 0.035             | Safely Timed       | Same Clock        | 2            | 2      | FDRE/C-(1)-LUT6-(1)-LUT5-(1)-FDSE/D          | clk               | clk             | None      | None  | None       | None        | 0            | 0             | 0       | 1           | 0          | 0          | FDRE/C                    | FDSE/D                   | neuron_bytes_s0_reg[69][1]/C       | beat_bytes_s1_reg[5][1]/D                        |
| Path #29 | 1.000       | 0.943      | 0.252(27%)  | 0.691(73%) | -0.061     | -0.014 | 0.035             | Safely Timed       | Same Clock        | 2            | 2      | FDRE/C-(72)-LUT6-(1)-LUT5-(1)-FDSE/D         | clk               | clk             | None      | None  | None       | None        | 0            | 0             | 0       | 72          | 0          | 0          | FDRE/C                    | FDSE/D                   | beat_idx_s0_reg[0]/C               | beat_bytes_s1_reg[6][4]/D                        |
| Path #30 | 1.000       | 0.616      | 0.080(13%)  | 0.536(87%) | -0.119     | -0.014 | 0.035             | Safely Timed       | Same Clock        | 0            | 1      | FDRE/C-(1)-RAMB36E2/DINADIN[13]              | clk               | clk             | None      | Input | None       | None        | 0            | 0             | 0       | 1           | 0          | 0          | FDRE/C                    | RAMB36E2/DINADIN[13]     | wdata_r_reg[13]/C                  | gen_wr_a.gen_word_narrow.mem_reg/DINADIN[13]     |
| Path #31 | 1.000       | 0.803      | 0.174(22%)  | 0.629(78%) | -0.101     | -0.013 | 0.035             | Safely Timed       | Same Clock        | 1            | 2      | FDRE/C-(72)-LUT4-(16)-FDSE/S                 | clk               | clk             | None      | None  | None       | None        | 0            | 0             | 0       | 72          | 0          | 0          | FDRE/C                    | FDSE/S                   | beat_idx_s0_reg[0]/C               | beat_bytes_s1_reg[1][2]/S                        |
| Path #32 | 1.000       | 0.803      | 0.174(22%)  | 0.629(78%) | -0.101     | -0.013 | 0.035             | Safely Timed       | Same Clock        | 1            | 2      | FDRE/C-(72)-LUT4-(16)-FDSE/S                 | clk               | clk             | None      | None  | None       | None        | 0            | 0             | 0       | 72          | 0          | 0          | FDRE/C                    | FDSE/S                   | beat_idx_s0_reg[0]/C               | beat_bytes_s1_reg[1][4]/S                        |
| Path #33 | 1.000       | 0.820      | 0.079(10%)  | 0.741(90%) | -0.182     | -0.012 | 0.035             | Safely Timed       | Same Clock        | 0            | 1      | FDRE/C-(32)-FDRE/D                           | clk               | clk             | None      | None  | None       | None        | 0            | 0             | 0       | 32          | 0          | 0          | FDRE/C                    | FDRE/D                   | w_ram_a_data_r_reg[12]/C           | wdata_r_reg[12]/D                                |
| Path #34 | 1.000       | 0.573      | 0.077(14%)  | 0.496(86%) | -0.009     | -0.011 | 0.035             | Safely Timed       | Same Clock        | 0            | 1      | FDRE/C-(8)-RAMB36E2/WEA[0]                   | clk               | clk             | None      | Input | None       | None        | 0            | 0             | 0       | 8           | 0          | 0          | FDRE/C                    | RAMB36E2/WEA[0]          | wen_r_reg/C                        | gen_wr_a.gen_word_narrow.mem_reg/WEA[0]          |
| Path #35 | 1.000       | 0.812      | 0.128(16%)  | 0.684(84%) | -0.102     | -0.011 | 0.035             | Safely Timed       | Same Clock        | 1            | 2      | FDCE/C-(12)-LUT4-(64)-FDRE/CE                | clk               | clk             | None      | None  | None       | None        | 0            | 0             | 0       | 64          | 0          | 0          | FDCE/C                    | FDRE/CE                  | stall_reg/C                        | rd_data_reg[43]/CE                               |
| Path #36 | 1.000       | 0.812      | 0.128(16%)  | 0.684(84%) | -0.102     | -0.011 | 0.035             | Safely Timed       | Same Clock        | 1            | 2      | FDCE/C-(12)-LUT4-(64)-FDRE/CE                | clk               | clk             | None      | None  | None       | None        | 0            | 0             | 0       | 64          | 0          | 0          | FDCE/C                    | FDRE/CE                  | stall_reg/C                        | rd_data_reg[45]/CE                               |
| Path #37 | 1.000       | 0.812      | 0.128(16%)  | 0.684(84%) | -0.102     | -0.011 | 0.035             | Safely Timed       | Same Clock        | 1            | 2      | FDCE/C-(12)-LUT4-(64)-FDRE/CE                | clk               | clk             | None      | None  | None       | None        | 0            | 0             | 0       | 64          | 0          | 0          | FDCE/C                    | FDRE/CE                  | stall_reg/C                        | rd_data_reg[47]/CE                               |
| Path #38 | 1.000       | 0.812      | 0.128(16%)  | 0.684(84%) | -0.102     | -0.011 | 0.035             | Safely Timed       | Same Clock        | 1            | 2      | FDCE/C-(12)-LUT4-(64)-FDRE/CE                | clk               | clk             | None      | None  | None       | None        | 0            | 0             | 0       | 64          | 0          | 0          | FDCE/C                    | FDRE/CE                  | stall_reg/C                        | rd_data_reg[49]/CE                               |
| Path #39 | 1.000       | 0.830      | 0.204(25%)  | 0.626(75%) | -0.065     | -0.011 | 0.035             | Safely Timed       | Same Clock        | 1            | 2      | FDRE/C-(8)-LUT4-(2)-RAMD32/I                 | clk               | clk             | None      | None  | None       | None        | 0            | 0             | 0       | 8           | 0          | 0          | FDRE/C                    | RAMD32/I                 | ostream_reg[3]/C                   | RAMD_D1/I                                        |
| Path #40 | 1.000       | 0.913      | 0.354(39%)  | 0.559(61%) | -0.087     | -0.010 | 0.035             | Safely Timed       | Same Clock        | 2            | 2      | FDRE/C-(1)-LUT6-(1)-LUT5-(1)-FDSE/D          | clk               | clk             | None      | None  | None       | None        | 0            | 0             | 0       | 1           | 0          | 0          | FDRE/C                    | FDSE/D                   | neuron_bytes_s0_reg[59][3]/C       | beat_bytes_s1_reg[3][3]/D                        |
| Path #41 | 1.000       | 0.608      | 0.078(13%)  | 0.530(87%) | -0.106     | -0.010 | 0.035             | Safely Timed       | Same Clock        | 0            | 1      | FDRE/C-(1)-RAMB36E2/DINADIN[8]               | clk               | clk             | None      | Input | None       | None        | 0            | 0             | 0       | 1           | 0          | 0          | FDRE/C                    | RAMB36E2/DINADIN[8]      | wdata_r_reg[8]/C                   | gen_wr_a.gen_word_narrow.mem_reg/DINADIN[8]      |
| Path #42 | 1.000       | 0.822      | 0.078(10%)  | 0.744(90%) | -0.178     | -0.010 | 0.035             | Safely Timed       | Same Clock        | 0            | 1      | FDRE/C-(32)-FDRE/D                           | clk               | clk             | None      | None  | None       | None        | 0            | 0             | 0       | 32          | 0          | 0          | FDRE/C                    | FDRE/D                   | w_ram_a_data_r_reg[18]/C           | wdata_r_reg[18]/D                                |
| Path #43 | 1.000       | 0.896      | 0.474(53%)  | 0.422(47%) | -0.103     | -0.010 | 0.035             | Safely Timed       | Same Clock        | 3            | 3      | FDRE/C-(7)-LUT4-(2)-LUT5-(1)-LUT6-(1)-FDCE/D | clk               | clk             | None      | None  | None       | None        | 0            | 0             | 0       | 7           | 0          | 0          | FDRE/C                    | FDCE/D                   | payload_bytes_left_r_reg[4]/C      | payload_tag_last_r_reg/D                         |
| Path #44 | 1.000       | 0.799      | 0.131(17%)  | 0.668(83%) | -0.101     | -0.010 | 0.035             | Safely Timed       | Same Clock        | 1            | 2      | FDRE/C-(11)-LUT3-(24)-FDRE/R                 | clk               | clk             | None      | None  | None       | None        | 0            | 0             | 0       | 24          | 0          | 0          | FDRE/C                    | FDRE/R                   | pos_s1_reg[6]/C                    | write_en_s3_reg[43]/R                            |
| Path #45 | 1.000       | 0.799      | 0.131(17%)  | 0.668(83%) | -0.101     | -0.010 | 0.035             | Safely Timed       | Same Clock        | 1            | 2      | FDRE/C-(11)-LUT3-(24)-FDRE/R                 | clk               | clk             | None      | None  | None       | None        | 0            | 0             | 0       | 24          | 0          | 0          | FDRE/C                    | FDRE/R                   | pos_s1_reg[6]/C                    | write_en_s3_reg[56]/R                            |
| Path #46 | 1.000       | 0.812      | 0.128(16%)  | 0.684(84%) | -0.102     | -0.010 | 0.035             | Safely Timed       | Same Clock        | 1            | 2      | FDCE/C-(12)-LUT4-(64)-FDRE/CE                | clk               | clk             | None      | None  | None       | None        | 0            | 0             | 0       | 64          | 0          | 0          | FDCE/C                    | FDRE/CE                  | stall_reg/C                        | rd_data_reg[42]/CE                               |
| Path #47 | 1.000       | 0.812      | 0.128(16%)  | 0.684(84%) | -0.102     | -0.010 | 0.035             | Safely Timed       | Same Clock        | 1            | 2      | FDCE/C-(12)-LUT4-(64)-FDRE/CE                | clk               | clk             | None      | None  | None       | None        | 0            | 0             | 0       | 64          | 0          | 0          | FDCE/C                    | FDRE/CE                  | stall_reg/C                        | rd_data_reg[44]/CE                               |
| Path #48 | 1.000       | 0.812      | 0.128(16%)  | 0.684(84%) | -0.102     | -0.010 | 0.035             | Safely Timed       | Same Clock        | 1            | 2      | FDCE/C-(12)-LUT4-(64)-FDRE/CE                | clk               | clk             | None      | None  | None       | None        | 0            | 0             | 0       | 64          | 0          | 0          | FDCE/C                    | FDRE/CE                  | stall_reg/C                        | rd_data_reg[46]/CE                               |
| Path #49 | 1.000       | 0.812      | 0.128(16%)  | 0.684(84%) | -0.102     | -0.010 | 0.035             | Safely Timed       | Same Clock        | 1            | 2      | FDCE/C-(12)-LUT4-(64)-FDRE/CE                | clk               | clk             | None      | None  | None       | None        | 0            | 0             | 0       | 64          | 0          | 0          | FDCE/C                    | FDRE/CE                  | stall_reg/C                        | rd_data_reg[48]/CE                               |
| Path #50 | 1.000       | 0.825      | 0.077(10%)  | 0.748(90%) | -0.174     | -0.009 | 0.035             | Safely Timed       | Same Clock        | 0            | 1      | FDRE/C-(32)-FDRE/D                           | clk               | clk             | None      | None  | None       | None        | 0            | 0             | 0       | 32          | 0          | 0          | FDRE/C                    | FDRE/D                   | w_ram_a_data_r_reg[26]/C           | wdata_r_reg[26]/D                                |
| Path #51 | 1.000       | 0.620      | 0.079(13%)  | 0.541(87%) | -0.109     | -0.009 | 0.035             | Safely Timed       | Same Clock        | 0            | 1      | FDRE/C-(1)-RAMB36E2/DINADIN[21]              | clk               | clk             | None      | Input | None       | None        | 0            | 0             | 0       | 1           | 0          | 0          | FDRE/C                    | RAMB36E2/DINADIN[21]     | wdata_r_reg[21]/C                  | gen_wr_a.gen_word_narrow.mem_reg/DINADIN[21]     |
| Path #52 | 1.000       | 0.808      | 0.224(28%)  | 0.584(72%) | -0.191     | -0.009 | 0.035             | Safely Timed       | Same Clock        | 1            | 1      | FDRE/C-(32)-LUT3-(1)-FDRE/D                  | clk               | clk             | None      | None  | None       | None        | 0            | 0             | 0       | 32          | 0          | 0          | FDRE/C                    | FDRE/D                   | w_ram_a_addr_r_reg[5]/C            | addr_r_reg[5]/D                                  |
| Path #53 | 1.000       | 0.920      | 0.224(25%)  | 0.696(75%) | -0.078     | -0.009 | 0.035             | Safely Timed       | Same Clock        | 1            | 1      | FDRE/C-(64)-RAMS32-(1)-FDRE/D                | clk               | clk             | None      | None  | None       | None        | 0            | 0             | 0       | 64          | 0          | 0          | FDRE/C                    | FDRE/D                   | bank1_mem_addr_r_reg[0]/C          | rdata_reg[60]/D                                  |
| Path #54 | 1.000       | 0.788      | 0.174(23%)  | 0.614(77%) | -0.111     | -0.008 | 0.035             | Safely Timed       | Same Clock        | 1            | 2      | FDRE/C-(72)-LUT4-(16)-FDSE/S                 | clk               | clk             | None      | None  | None       | None        | 0            | 0             | 0       | 72          | 0          | 0          | FDRE/C                    | FDSE/S                   | beat_idx_s0_reg[0]/C               | beat_bytes_s1_reg[0][0]/S                        |
| Path #55 | 1.000       | 0.788      | 0.174(23%)  | 0.614(77%) | -0.111     | -0.008 | 0.035             | Safely Timed       | Same Clock        | 1            | 2      | FDRE/C-(72)-LUT4-(16)-FDSE/S                 | clk               | clk             | None      | None  | None       | None        | 0            | 0             | 0       | 72          | 0          | 0          | FDRE/C                    | FDSE/S                   | beat_idx_s0_reg[0]/C               | beat_bytes_s1_reg[0][5]/S                        |
| Path #56 | 1.000       | 0.788      | 0.174(23%)  | 0.614(77%) | -0.111     | -0.008 | 0.035             | Safely Timed       | Same Clock        | 1            | 2      | FDRE/C-(72)-LUT4-(16)-FDSE/S                 | clk               | clk             | None      | None  | None       | None        | 0            | 0             | 0       | 72          | 0          | 0          | FDRE/C                    | FDSE/S                   | beat_idx_s0_reg[0]/C               | beat_bytes_s1_reg[1][7]/S                        |
| Path #57 | 1.000       | 0.890      | 0.254(29%)  | 0.636(71%) | -0.107     | -0.008 | 0.035             | Safely Timed       | Same Clock        | 2            | 2      | FDRE/C-(15)-LUT6-(1)-LUT5-(1)-FDSE/D         | clk               | clk             | None      | None  | None       | None        | 0            | 0             | 0       | 15          | 0          | 0          | FDRE/C                    | FDSE/D                   | beat_idx_s0_reg[1]_rep_replica_2/C | beat_bytes_s1_reg[6][6]/D                        |
| Path #58 | 1.000       | 0.796      | 0.117(15%)  | 0.679(85%) | -0.102     | -0.008 | 0.035             | Safely Timed       | Same Clock        | 1            | 2      | FDRE/C-(67)-LUT2-(48)-FDSE/S                 | clk               | clk             | None      | None  | None       | None        | 0            | 0             | 0       | 67          | 0          | 0          | FDRE/C                    | FDSE/S                   | beat_idx_s0_reg[3]/C               | beat_bytes_s1_reg[2][1]/S                        |
| Path #59 | 1.000       | 0.796      | 0.117(15%)  | 0.679(85%) | -0.102     | -0.008 | 0.035             | Safely Timed       | Same Clock        | 1            | 2      | FDRE/C-(67)-LUT2-(48)-FDSE/S                 | clk               | clk             | None      | None  | None       | None        | 0            | 0             | 0       | 67          | 0          | 0          | FDRE/C                    | FDSE/S                   | beat_idx_s0_reg[3]/C               | beat_bytes_s1_reg[2][2]/S                        |
| Path #60 | 1.000       | 0.796      | 0.117(15%)  | 0.679(85%) | -0.102     | -0.008 | 0.035             | Safely Timed       | Same Clock        | 1            | 2      | FDRE/C-(67)-LUT2-(48)-FDSE/S                 | clk               | clk             | None      | None  | None       | None        | 0            | 0             | 0       | 67          | 0          | 0          | FDRE/C                    | FDSE/S                   | beat_idx_s0_reg[3]/C               | beat_bytes_s1_reg[3][3]/S                        |
| Path #61 | 1.000       | 0.796      | 0.117(15%)  | 0.679(85%) | -0.102     | -0.008 | 0.035             | Safely Timed       | Same Clock        | 1            | 2      | FDRE/C-(67)-LUT2-(48)-FDSE/S                 | clk               | clk             | None      | None  | None       | None        | 0            | 0             | 0       | 67          | 0          | 0          | FDRE/C                    | FDSE/S                   | beat_idx_s0_reg[3]/C               | beat_bytes_s1_reg[3][4]/S                        |
| Path #62 | 1.000       | 0.899      | 0.289(33%)  | 0.610(67%) | -0.097     | -0.007 | 0.035             | Safely Timed       | Same Clock        | 2            | 2      | FDRE/C-(72)-LUT6-(1)-LUT5-(1)-FDSE/D         | clk               | clk             | None      | None  | None       | None        | 0            | 0             | 0       | 72          | 0          | 0          | FDRE/C                    | FDSE/D                   | beat_idx_s0_reg[0]/C               | beat_bytes_s1_reg[4][7]/D                        |
| Path #63 | 1.000       | 0.895      | 0.348(39%)  | 0.547(61%) | -0.101     | -0.007 | 0.035             | Safely Timed       | Same Clock        | 2            | 2      | FDRE/C-(72)-LUT6-(1)-LUT5-(1)-FDSE/D         | clk               | clk             | None      | None  | None       | None        | 0            | 0             | 0       | 72          | 0          | 0          | FDRE/C                    | FDSE/D                   | beat_idx_s0_reg[0]/C               | beat_bytes_s1_reg[7][5]/D                        |
| Path #64 | 1.000       | 0.597      | 0.077(13%)  | 0.520(87%) | -0.107     | -0.006 | 0.035             | Safely Timed       | Same Clock        | 0            | 1      | FDRE/C-(1)-RAMB36E2/DINADIN[31]              | clk               | clk             | None      | Input | None       | None        | 0            | 0             | 0       | 1           | 0          | 0          | FDRE/C                    | RAMB36E2/DINADIN[31]     | wdata_r_reg[31]/C                  | gen_wr_a.gen_word_narrow.mem_reg/DINADIN[31]     |
| Path #65 | 1.000       | 0.631      | 0.079(13%)  | 0.552(87%) | -0.104     | -0.006 | 0.035             | Safely Timed       | Same Clock        | 0            | 1      | FDRE/C-(1)-RAMB36E2/DINADIN[19]              | clk               | clk             | None      | Input | None       | None        | 0            | 0             | 0       | 1           | 0          | 0          | FDRE/C                    | RAMB36E2/DINADIN[19]     | wdata_r_reg[19]/C                  | gen_wr_a.gen_word_narrow.mem_reg/DINADIN[19]     |
| Path #66 | 1.000       | 0.914      | 0.344(38%)  | 0.570(62%) | -0.081     | -0.005 | 0.035             | Safely Timed       | Same Clock        | 2            | 2      | FDRE/C-(1)-LUT6-(1)-LUT5-(1)-FDSE/D          | clk               | clk             | None      | None  | None       | None        | 0            | 0             | 0       | 1           | 0          | 0          | FDRE/C                    | FDSE/D                   | neuron_bytes_s0_reg[18][6]/C       | beat_bytes_s1_reg[2][6]/D                        |
| Path #67 | 1.000       | 0.503      | 0.080(16%)  | 0.423(84%) | -0.073     | -0.005 | 0.035             | Safely Timed       | Same Clock        | 0            | 1      | FDRE/C-(8)-RAMB36E2/WEA[1]                   | clk               | clk             | None      | Input | None       | None        | 0            | 0             | 0       | 8           | 0          | 0          | FDRE/C                    | RAMB36E2/WEA[1]          | wen_r_reg/C                        | gen_wr_a.gen_word_narrow.mem_reg/WEA[1]          |
| Path #68 | 1.000       | 0.807      | 0.177(22%)  | 0.630(78%) | -0.187     | -0.005 | 0.035             | Safely Timed       | Same Clock        | 1            | 1      | FDRE/C-(3)-LUT4-(1)-FDRE/D                   | clk               | clk             | None      | None  | None       | None        | 0            | 0             | 0       | 3           | 0          | 0          | FDRE/C                    | FDRE/D                   | out_reg[22]/C                      | reg1_reg[5][1]/D                                 |
| Path #69 | 1.000       | 0.506      | 0.079(16%)  | 0.427(84%) | -0.169     | -0.004 | 0.035             | Safely Timed       | Same Clock        | 0            | 1      | FDRE/C-(1)-RAMB36E2/DINADIN[1]               | clk               | clk             | None      | Input | None       | None        | 0            | 0             | 0       | 1           | 0          | 0          | FDRE/C                    | RAMB36E2/DINADIN[1]      | wdata_r_reg[1]/C                   | gen_wr_a.gen_word_narrow.mem_reg/DINADIN[1]      |
| Path #70 | 1.000       | 0.796      | 0.327(42%)  | 0.469(58%) | -0.197     | -0.003 | 0.035             | Safely Timed       | Same Clock        | 2            | 2      | FDRE/C-(2)-LUT6-(2)-LUT3-(1)-FDRE/D          | clk               | clk             | None      | None  | None       | None        | 0            | 0             | 0       | 2           | 0          | 0          | FDRE/C                    | FDRE/D                   | reg2_reg[2][2]/C                   | reg3_reg[1][3]/D                                 |
| Path #71 | 1.000       | 0.805      | 0.164(21%)  | 0.641(79%) | -0.188     | -0.003 | 0.035             | Safely Timed       | Same Clock        | 1            | 1      | FDRE/C-(32)-LUT3-(1)-FDRE/D                  | clk               | clk             | None      | None  | None       | None        | 0            | 0             | 0       | 32          | 0          | 0          | FDRE/C                    | FDRE/D                   | w_ram_a_addr_r_reg[5]/C            | addr_r_reg[5]/D                                  |
| Path #72 | 1.000       | 0.524      | 0.079(16%)  | 0.445(84%) | -0.168     | -0.003 | 0.035             | Safely Timed       | Same Clock        | 0            | 1      | FDRE/C-(2)-RAMB36E2/ADDRARDADDR[10]          | clk               | clk             | None      | Input | None       | None        | 0            | 0             | 0       | 2           | 0          | 0          | FDRE/C                    | RAMB36E2/ADDRARDADDR[10] | addr_r_reg[5]/C                    | gen_wr_a.gen_word_narrow.mem_reg/ADDRARDADDR[10] |
| Path #73 | 1.000       | 0.864      | 0.169(20%)  | 0.695(80%) | -0.128     | -0.003 | 0.035             | Safely Timed       | Same Clock        | 1            | 1      | FDRE/C-(32)-LUT2-(1)-FDRE/D                  | clk               | clk             | None      | None  | None       | None        | 0            | 0             | 0       | 32          | 0          | 0          | FDRE/C                    | FDRE/D                   | x_r_reg[60]/C                      | out_reg[60]/D                                    |
| Path #74 | 1.000       | 0.905      | 0.351(39%)  | 0.554(61%) | -0.087     | -0.002 | 0.035             | Safely Timed       | Same Clock        | 2            | 2      | FDCE/C-(1)-LUT6-(1)-LUT6-(1)-FDRE/D          | clk               | clk             | None      | None  | None       | None        | 0            | 0             | 0       | 1           | 0          | 0          | FDCE/C                    | FDRE/D                   | valid_out_reg[9]/C                 | buffer_write_reg0_reg/D                          |
| Path #75 | 1.000       | 0.796      | 0.079(10%)  | 0.717(90%) | -0.196     | -0.002 | 0.035             | Safely Timed       | Same Clock        | 0            | 1      | FDRE/C-(32)-FDRE/D                           | clk               | clk             | None      | None  | None       | None        | 0            | 0             | 0       | 32          | 0          | 0          | FDRE/C                    | FDRE/D                   | w_ram_a_data_r_reg[61]/C           | wdata_r_reg[61]/D                                |
| Path #76 | 1.000       | 0.893      | 0.330(37%)  | 0.563(63%) | -0.099     | -0.002 | 0.035             | Safely Timed       | Same Clock        | 2            | 2      | FDRE/C-(72)-LUT6-(1)-LUT5-(1)-FDSE/D         | clk               | clk             | None      | None  | None       | None        | 0            | 0             | 0       | 72          | 0          | 0          | FDRE/C                    | FDSE/D                   | beat_idx_s0_reg[1]/C               | beat_bytes_s1_reg[4][0]/D                        |
| Path #77 | 1.000       | 0.811      | 0.078(10%)  | 0.733(90%) | -0.181     | -0.002 | 0.035             | Safely Timed       | Same Clock        | 0            | 1      | FDRE/C-(32)-FDRE/D                           | clk               | clk             | None      | None  | None       | None        | 0            | 0             | 0       | 32          | 0          | 0          | FDRE/C                    | FDRE/D                   | w_ram_a_data_r_reg[1]/C            | wdata_r_reg[1]/D                                 |
| Path #78 | 1.000       | 0.929      | 0.328(36%)  | 0.601(64%) | -0.063     | -0.002 | 0.035             | Safely Timed       | Same Clock        | 2            | 2      | FDRE/C-(1)-LUT6-(1)-LUT5-(1)-FDSE/D          | clk               | clk             | None      | None  | None       | None        | 0            | 0             | 0       | 1           | 0          | 0          | FDRE/C                    | FDSE/D                   | neuron_bytes_s0_reg[37][3]/C       | beat_bytes_s1_reg[5][3]/D                        |
| Path #79 | 1.000       | 0.827      | 0.167(21%)  | 0.660(79%) | -0.065     | -0.002 | 0.035             | Safely Timed       | Same Clock        | 1            | 2      | FDRE/C-(64)-LUT3-(1)-SRL16E/D                | clk               | clk             | None      | None  | None       | None        | 0            | 0             | 0       | 64          | 0          | 0          | FDRE/C                    | SRL16E/D                 | read_bank_sel_reg0_reg/C           | x_r_reg[56]_srl9/D                               |
| Path #80 | 1.000       | 0.574      | 0.080(14%)  | 0.494(86%) | -0.098     | -0.001 | 0.035             | Safely Timed       | Same Clock        | 0            | 1      | FDRE/C-(1)-RAMB36E2/DINADIN[1]               | clk               | clk             | None      | Input | None       | None        | 0            | 0             | 0       | 1           | 0          | 0          | FDRE/C                    | RAMB36E2/DINADIN[1]      | wdata_r_reg[1]/C                   | gen_wr_a.gen_word_narrow.mem_reg/DINADIN[1]      |
| Path #81 | 1.000       | 0.810      | 0.078(10%)  | 0.732(90%) | -0.181     | -0.001 | 0.035             | Safely Timed       | Same Clock        | 0            | 1      | FDRE/C-(32)-FDRE/D                           | clk               | clk             | None      | None  | None       | None        | 0            | 0             | 0       | 32          | 0          | 0          | FDRE/C                    | FDRE/D                   | w_ram_a_data_r_reg[19]/C           | wdata_r_reg[19]/D                                |
+----------+-------------+------------+-------------+------------+------------+--------+-------------------+--------------------+-------------------+--------------+--------+----------------------------------------------+-------------------+-----------------+-----------+-------+------------+-------------+--------------+---------------+---------+-------------+------------+------------+---------------------------+--------------------------+------------------------------------+--------------------------------------------------+
* Bounding box calculated as % of dimensions for the target device (5130, 1990)


2. Logic Level Distribution
---------------------------

+-----------------+-------------+----+----+----+---+
| End Point Clock | Requirement |  0 |  1 |  2 | 3 |
+-----------------+-------------+----+----+----+---+
| clk             | 1.000ns     | 25 | 39 | 15 | 2 |
+-----------------+-------------+----+----+----+---+
* Columns represent the logic levels per end point clock
** Distribution is for top worst 81 paths


