bnn_fcc_timing: Layer_WithThreshold__parameterized0, BNN_Hidden__GC0, Layer_WithThreshold__GC0, BNN_Layer_NoStallInput__GB1, bnn_fcc_timing__GC0, NP_Layer_WithThreshold__GB1, NP_Layer_WithThreshold__GB2, BNN_Layer_StallableInput__GC0, NP_Layer_WithThreshold__GB0, bnn_fcc__GC0, 
bnn_fcc: bnn_fcc__GC0, BNN_Hidden__GC0, BNN_Layer_NoStallInput__GB1, Layer_WithThreshold__parameterized0, BNN_Layer_StallableInput__GC0, Layer_WithThreshold__GC0, NP_Layer_WithThreshold__GB2, NP_Layer_WithThreshold__GB1, NP_Layer_WithThreshold__GB0, 
BNN_Hidden: BNN_Hidden__GC0, BNN_Layer_NoStallInput__GB1, Layer_WithThreshold__parameterized0, BNN_Layer_StallableInput__GC0, Layer_WithThreshold__GC0, NP_Layer_WithThreshold__GB2, NP_Layer_WithThreshold__GB1, NP_Layer_WithThreshold__GB0, 
BNN_Layer_NoStallInput: BNN_Layer_NoStallInput__GB1, Layer_WithThreshold__parameterized0, 
BNN_Layer_StallableInput: BNN_Layer_StallableInput__GC0, Layer_WithThreshold__GC0, NP_Layer_WithThreshold__GB2, NP_Layer_WithThreshold__GB1, NP_Layer_WithThreshold__GB0, 
Layer_WithThreshold: Layer_WithThreshold__GC0, NP_Layer_WithThreshold__GB2, NP_Layer_WithThreshold__GB1, NP_Layer_WithThreshold__GB0, 
NP_Layer_WithThreshold: NP_Layer_WithThreshold__GB2, NP_Layer_WithThreshold__GB1, NP_Layer_WithThreshold__GB0, 
