Copyright 1986-2021 Xilinx, Inc. All Rights Reserved.
--------------------------------------------------------------------------------------------------------------------------------------------------------------------------------
| Tool Version : Vivado v.2021.2 (lin64) Build 3367213 Tue Oct 19 02:47:39 MDT 2021
| Date         : Sun Apr  5 23:43:41 2026
| Host         : ece-lnx-10 running 64-bit Red Hat Enterprise Linux release 8.10 (Ootpa)
| Command      : report_high_fanout_nets -max_nets 50 -timing -load_types -file /ecel/UFAD/miguel.sanchez1/BNN_Contest/Apple_comp/openflex/build_vivado/outputs/high_fanout.rpt
| Design       : bnn_fcc_timing
| Device       : xcu250
--------------------------------------------------------------------------------------------------------------------------------------------------------------------------------

High Fan-out Nets Information

1. Fanout Summary
-----------------

+--------------------------------------------------------------------------------------------------------------------------------------------------------------------+--------+-------------+-----------------+-----------------+-----------------------------+-----------------------------+-----------------------------+-----------------------------+
|                                                                                                                                                                    |        |             |                 |                 |         Clock Enable        |          Set/Reset          |         Data & Other        |            Clock            |
+--------------------------------------------------------------------------------------------------------------------------------------------------------------------+--------+-------------+-----------------+-----------------+-------+----+----------------+-------+----+----------------+-------+----+----------------+-------+----+----------------+
| Net Name                                                                                                                                                           | Fanout | Driver Type | Worst Slack(ns) | Worst Delay(ns) | Slice | IO | BRAM/DSP/OTHER | Slice | IO | BRAM/DSP/OTHER | Slice | IO | BRAM/DSP/OTHER | Slice | IO | BRAM/DSP/OTHER |
+--------------------------------------------------------------------------------------------------------------------------------------------------------------------+--------+-------------+-----------------+-----------------+-------+----+----------------+-------+----+----------------+-------+----+----------------+-------+----+----------------+
| rst                                                                                                                                                                |  27514 | PORT        |             inf |           0.000 |     0 |  0 |              0 | 27364 |  0 |            148 |     2 |  0 |              0 |     0 |  0 |              0 |
| DUT/u_bnn_hidden/GEN_LAYERS[0].GEN_H0.GEN_H0_NONFINAL.u_bnn_layer/u_cfg_ctrl/FSM_onehot_state_r_reg_n_0_[8]                                                        |    808 | FDCE        |          -0.154 |           0.757 |     0 |  0 |              0 |     0 |  0 |              0 |   808 |  0 |              0 |     0 |  0 |              0 |
| DUT/u_bnn_hidden/GEN_LAYERS[0].GEN_H0.GEN_H0_NONFINAL.u_bnn_layer/u_cfg_ctrl/w_shift_next                                                                          |    785 | LUT4        |          -0.197 |           0.532 |   785 |  0 |              0 |     0 |  0 |              0 |     0 |  0 |              0 |     0 |  0 |              0 |
| DUT/u_bnn_hidden/GEN_LAYERS[0].GEN_H0.GEN_H0_NONFINAL.u_bnn_layer/u_cfg_ctrl/w_adv_last_beat_r                                                                     |    779 | FDCE        |          -0.193 |           0.801 |     0 |  0 |              0 |     0 |  0 |              0 |   779 |  0 |              0 |     0 |  0 |              0 |
| DUT/u_bnn_hidden/GEN_LAYERS[1].GEN_HN.GEN_HN_NONFINAL.u_bnn_layer/u_cfg_ctrl/FSM_onehot_state_r_reg_n_0_[8]                                                        |    262 | FDCE        |          -0.050 |           0.617 |     0 |  0 |              0 |     0 |  0 |              0 |   262 |  0 |              0 |     0 |  0 |              0 |
| DUT/u_bnn_hidden/GEN_LAYERS[1].GEN_HN.GEN_HN_NONFINAL.u_bnn_layer/u_cfg_ctrl/w_shift_r[255]_i_1_n_0                                                                |    256 | LUT4        |          -0.055 |           0.547 |   256 |  0 |              0 |     0 |  0 |              0 |     0 |  0 |              0 |     0 |  0 |              0 |
| DUT/u_bnn_hidden/GEN_LAYERS[2].GEN_HN.GEN_HN_FINAL.u_bnn_layer/u_cfg_ctrl/w_shift_r[255]_i_1__0_n_0                                                                |    256 | LUT4        |          -0.007 |           0.398 |   256 |  0 |              0 |     0 |  0 |              0 |     0 |  0 |              0 |     0 |  0 |              0 |
| DUT/u_bnn_hidden/GEN_LAYERS[2].GEN_HN.GEN_HN_FINAL.u_bnn_layer/u_cfg_ctrl/w_adv_last_beat_r                                                                        |    235 | FDCE        |           0.017 |           0.620 |     0 |  0 |              0 |     0 |  0 |              0 |   235 |  0 |              0 |     0 |  0 |              0 |
| DUT/u_bnn_hidden/GEN_LAYERS[1].GEN_HN.GEN_HN_NONFINAL.u_bnn_layer/u_cfg_ctrl/w_adv_last_beat_r                                                                     |    234 | FDCE        |          -0.090 |           0.687 |     0 |  0 |              0 |     0 |  0 |              0 |   234 |  0 |              0 |     0 |  0 |              0 |
| DUT/u_bnn_hidden/GEN_LAYERS[0].GEN_H0.GEN_H0_NONFINAL.u_bnn_layer/u_layer/u_np_layer/GEN_NP[23].u_np_mem/u_np/valid_in_r_reg_0                                     |    191 | FDCE        |          -0.120 |           0.693 |     0 |  0 |              0 |     0 |  0 |              0 |   191 |  0 |              0 |     0 |  0 |              0 |
| DUT/u_bnn_hidden/GEN_LAYERS[0].GEN_H0.GEN_H0_NONFINAL.u_bnn_layer/u_cfg_ctrl/FSM_onehot_state_r_reg[5]_rep__2_n_0                                                  |    147 | FDCE        |          -0.145 |           0.753 |     0 |  0 |              0 |     0 |  0 |              0 |   147 |  0 |              0 |     0 |  0 |              0 |
| DUT/u_bnn_hidden/GEN_LAYERS[2].GEN_HN.GEN_HN_FINAL.u_bnn_layer/u_cfg_ctrl/FSM_onehot_state_r_reg_n_0_[8]                                                           |    145 | FDCE        |           0.038 |           0.477 |     0 |  0 |              0 |     0 |  0 |              0 |   145 |  0 |              0 |     0 |  0 |              0 |
| DUT/u_bnn_hidden/GEN_LAYERS[1].GEN_HN.GEN_HN_NONFINAL.u_bnn_layer/u_layer/u_np_layer/GEN_NP[25].u_np_mem/u_np/u_fsm/u_valid_align/GEN_DELAY[8].ff_i/q_reg_0        |    130 | FDCE        |          -0.182 |           0.372 |     0 |  0 |              0 |     0 |  0 |              0 |   130 |  0 |              0 |     0 |  0 |              0 |
| DUT/u_bnn_hidden/GEN_LAYERS[0].GEN_H0.GEN_H0_NONFINAL.u_bnn_layer/u_cfg_ctrl/FSM_onehot_state_r_reg_n_0_[5]                                                        |    128 | FDCE        |          -0.060 |           0.698 |     0 |  0 |              0 |     0 |  0 |              0 |   128 |  0 |              0 |     0 |  0 |              0 |
| DUT/u_bnn_hidden/GEN_LAYERS[0].GEN_H0.GEN_H0_NONFINAL.u_bnn_layer/u_cfg_ctrl/FSM_onehot_state_r_reg[5]_rep_n_0                                                     |    126 | FDCE        |          -0.119 |           0.741 |     0 |  0 |              0 |     0 |  0 |              0 |   126 |  0 |              0 |     0 |  0 |              0 |
| DUT/u_bnn_hidden/GEN_LAYERS[1].GEN_HN.GEN_HN_NONFINAL.u_bnn_layer/u_layer/u_np_layer/GEN_NP[25].u_np_mem/u_np/u_fsm/u_valid_align/GEN_DELAY[8].ff_i/q_reg_rep_0    |    115 | FDCE        |          -0.142 |           0.388 |     0 |  0 |              0 |     0 |  0 |              0 |   115 |  0 |              0 |     0 |  0 |              0 |
| DUT/u_bnn_hidden/GEN_LAYERS[0].GEN_H0.GEN_H0_NONFINAL.u_bnn_layer/u_cfg_ctrl/FSM_onehot_state_r_reg[5]_rep__4_n_0                                                  |    113 | FDCE        |          -0.047 |           0.685 |     0 |  0 |              0 |     0 |  0 |              0 |   113 |  0 |              0 |     0 |  0 |              0 |
| DUT/u_bnn_hidden/GEN_LAYERS[0].GEN_H0.GEN_H0_NONFINAL.u_bnn_layer/u_cfg_ctrl/w_dec_valid_next                                                                      |    113 | FDCE        |          -0.140 |           0.601 |     0 |  0 |              0 |     0 |  0 |              0 |   113 |  0 |              0 |     0 |  0 |              0 |
| DUT/u_config_manager/state_r[1]                                                                                                                                    |    113 | FDCE        |          -0.119 |           0.403 |     0 |  0 |              0 |     0 |  0 |              0 |   113 |  0 |              0 |     0 |  0 |              0 |
| DUT/u_bnn_hidden/GEN_LAYERS[0].GEN_H0.GEN_H0_NONFINAL.u_bnn_layer/u_cfg_ctrl/FSM_onehot_state_r_reg[5]_rep__1_n_0                                                  |    110 | FDCE        |          -0.091 |           0.741 |     0 |  0 |              0 |     0 |  0 |              0 |   110 |  0 |              0 |     0 |  0 |              0 |
| DUT/u_bnn_hidden/GEN_LAYERS[2].GEN_HN.GEN_HN_FINAL.u_bnn_layer/u_cfg_ctrl/FSM_onehot_state_r_reg[8]_rep_n_0                                                        |    108 | FDCE        |          -0.125 |           0.766 |     0 |  0 |              0 |     0 |  0 |              0 |   108 |  0 |              0 |     0 |  0 |              0 |
| DUT/u_bnn_hidden/GEN_LAYERS_c_6_n_0                                                                                                                                |    108 | FDCE        |          -0.194 |           0.748 |     0 |  0 |              0 |     0 |  0 |              0 |   108 |  0 |              0 |     0 |  0 |              0 |
| DUT/u_bnn_hidden/GEN_LAYERS[0].GEN_H0.GEN_H0_NONFINAL.u_bnn_layer/u_cfg_ctrl/wbuf_clear_r                                                                          |    106 | FDCE        |          -0.152 |           0.407 |     0 |  0 |              0 |     0 |  0 |              0 |   106 |  0 |              0 |     0 |  0 |              0 |
| DUT/u_bnn_hidden/GEN_LAYERS[2].GEN_HN.GEN_HN_FINAL.u_bnn_layer/u_layer/u_np_layer/GEN_NP[9].u_np_mem/u_np/u_fsm/u_valid_align/GEN_DELAY[8].ff_i/q_reg_0            |    105 | FDCE        |          -0.140 |           0.584 |     0 |  0 |              0 |     0 |  0 |              0 |   105 |  0 |              0 |     0 |  0 |              0 |
| DUT/u_bnn_hidden/GEN_LAYERS[1].GEN_HN.GEN_HN_NONFINAL.u_bnn_layer/u_cfg_ctrl/FSM_onehot_state_r_reg_n_0_[5]                                                        |    104 | FDCE        |           0.022 |           0.416 |     0 |  0 |              0 |     0 |  0 |              0 |   104 |  0 |              0 |     0 |  0 |              0 |
| DUT/u_bnn_hidden/GEN_LAYERS[0].GEN_H0.GEN_H0_NONFINAL.u_bnn_layer/u_cfg_ctrl/w_dec_valid_r                                                                         |     98 | FDCE        |          -0.076 |           0.321 |     0 |  0 |              0 |     0 |  0 |              0 |    98 |  0 |              0 |     0 |  0 |              0 |
| DUT/u_bnn_hidden/GEN_LAYERS[0].GEN_H0.GEN_H0_NONFINAL.u_bnn_layer/u_cfg_ctrl/w_neuron_bytes_r[0]                                                                   |     98 | LUT2        |          -0.134 |           0.571 |     0 |  0 |              0 |     0 |  0 |              0 |    98 |  0 |              0 |     0 |  0 |              0 |
| DUT/u_bnn_hidden/GEN_LAYERS[0].GEN_H0.GEN_H0_NONFINAL.u_bnn_layer/u_cfg_ctrl/w_neuron_bytes_r[1]                                                                   |     98 | LUT2        |          -0.139 |           0.587 |     0 |  0 |              0 |     0 |  0 |              0 |    98 |  0 |              0 |     0 |  0 |              0 |
| DUT/u_bnn_hidden/GEN_LAYERS[0].GEN_H0.GEN_H0_NONFINAL.u_bnn_layer/u_cfg_ctrl/w_neuron_bytes_r[2]                                                                   |     98 | LUT2        |          -0.042 |           0.575 |     0 |  0 |              0 |     0 |  0 |              0 |    98 |  0 |              0 |     0 |  0 |              0 |
| DUT/u_bnn_hidden/GEN_LAYERS[0].GEN_H0.GEN_H0_NONFINAL.u_bnn_layer/u_cfg_ctrl/w_neuron_bytes_r[3]                                                                   |     98 | LUT2        |          -0.135 |           0.661 |     0 |  0 |              0 |     0 |  0 |              0 |    98 |  0 |              0 |     0 |  0 |              0 |
| DUT/u_bnn_hidden/GEN_LAYERS[0].GEN_H0.GEN_H0_NONFINAL.u_bnn_layer/u_cfg_ctrl/w_neuron_bytes_r[4]                                                                   |     98 | LUT2        |          -0.135 |           0.631 |     0 |  0 |              0 |     0 |  0 |              0 |    98 |  0 |              0 |     0 |  0 |              0 |
| DUT/u_bnn_hidden/GEN_LAYERS[0].GEN_H0.GEN_H0_NONFINAL.u_bnn_layer/u_cfg_ctrl/w_neuron_bytes_r[5]                                                                   |     98 | LUT2        |          -0.119 |           0.648 |     0 |  0 |              0 |     0 |  0 |              0 |    98 |  0 |              0 |     0 |  0 |              0 |
| DUT/u_bnn_hidden/GEN_LAYERS[0].GEN_H0.GEN_H0_NONFINAL.u_bnn_layer/u_cfg_ctrl/w_neuron_bytes_r[6]                                                                   |     98 | LUT2        |           0.024 |           0.565 |     0 |  0 |              0 |     0 |  0 |              0 |    98 |  0 |              0 |     0 |  0 |              0 |
| DUT/u_bnn_hidden/GEN_LAYERS[0].GEN_H0.GEN_H0_NONFINAL.u_bnn_layer/u_cfg_ctrl/w_neuron_bytes_r[7]                                                                   |     98 | LUT2        |          -0.102 |           0.558 |     0 |  0 |              0 |     0 |  0 |              0 |    98 |  0 |              0 |     0 |  0 |              0 |
| DUT/u_bnn_hidden/GEN_LAYERS[0].GEN_H0.GEN_H0_NONFINAL.u_bnn_layer/u_cfg_ctrl/w_slot_r[97]_i_1_n_0                                                                  |     98 | LUT6        |          -0.154 |           0.330 |    98 |  0 |              0 |     0 |  0 |              0 |     0 |  0 |              0 |     0 |  0 |              0 |
| DUT/u_bnn_hidden/GEN_LAYERS[1].GEN_HN.GEN_HN_NONFINAL.u_bnn_layer/u_cfg_ctrl/FSM_onehot_state_r_reg[5]_rep_n_0                                                     |     97 | FDCE        |          -0.046 |           0.741 |     0 |  0 |              0 |     0 |  0 |              0 |    97 |  0 |              0 |     0 |  0 |              0 |
| DUT/u_bnn_hidden/GEN_LAYERS[0].GEN_H0.GEN_H0_NONFINAL.u_bnn_layer/u_cfg_ctrl/FSM_onehot_state_r_reg[5]_rep__0_n_0                                                  |     96 | FDCE        |          -0.099 |           0.619 |     0 |  0 |              0 |     0 |  0 |              0 |    96 |  0 |              0 |     0 |  0 |              0 |
| DUT/u_bnn_hidden/GEN_LAYERS[1].GEN_HN.GEN_HN_NONFINAL.u_bnn_layer/u_layer/u_np_layer/GEN_NP[25].u_np_mem/u_np/u_fsm/u_valid_align/GEN_DELAY[8].ff_i/q_reg_rep__0_0 |     95 | FDCE        |          -0.043 |           0.358 |     0 |  0 |              0 |     0 |  0 |              0 |    95 |  0 |              0 |     0 |  0 |              0 |
| DUT/u_bnn_hidden/GEN_LAYERS[0].GEN_H0.GEN_H0_NONFINAL.u_bnn_layer/u_cfg_ctrl/w_issue_valid_next                                                                    |     91 | FDCE        |          -0.023 |           0.690 |    76 |  0 |              0 |     0 |  0 |              0 |    15 |  0 |              0 |     0 |  0 |              0 |
| DUT/u_bnn_hidden/GEN_LAYERS[2].GEN_HN.GEN_HN_FINAL.u_bnn_layer/u_cfg_ctrl/FSM_onehot_state_r_reg[5]_rep__0_n_0                                                     |     90 | FDCE        |           0.046 |           0.620 |     0 |  0 |              0 |     0 |  0 |              0 |    90 |  0 |              0 |     0 |  0 |              0 |
| DUT/u_bnn_hidden/GEN_LAYERS[2].GEN_HN.GEN_HN_FINAL.u_bnn_layer/u_cfg_ctrl/FSM_onehot_state_r_reg[5]_rep_n_0                                                        |     85 | FDCE        |           0.052 |           0.585 |     0 |  0 |              0 |     0 |  0 |              0 |    85 |  0 |              0 |     0 |  0 |              0 |
| DUT/u_bnn_hidden/GEN_LAYERS[2].GEN_HN.GEN_HN_FINAL.u_bnn_layer/u_cfg_ctrl/FSM_onehot_state_r_reg_n_0_[5]                                                           |     84 | FDCE        |          -0.039 |           0.735 |     0 |  0 |              0 |     0 |  0 |              0 |    84 |  0 |              0 |     0 |  0 |              0 |
| DUT/u_bnn_hidden/GEN_LAYERS[0].GEN_H0.GEN_H0_NONFINAL.u_bnn_layer/u_layer/u_np_layer/GEN_NP[23].u_np_mem/u_np/u_fsm/u_valid_align/GEN_DELAY[8].ff_i/q_reg_rep__2_0 |     82 | FDCE        |          -0.098 |           0.543 |     0 |  0 |              0 |     0 |  0 |              0 |    82 |  0 |              0 |     0 |  0 |              0 |
| DUT/u_input_layer_unit/u_input_fifo/wptr                                                                                                                           |     81 | FDRE        |           0.134 |           0.600 |     0 |  0 |              0 |     0 |  0 |              0 |    81 |  0 |              0 |     0 |  0 |              0 |
| DUT/u_bnn_hidden/GEN_LAYERS[0].GEN_H0.GEN_H0_NONFINAL.u_bnn_layer/u_cfg_ctrl/FSM_onehot_state_r_reg_n_0_[6]                                                        |     80 | FDCE        |          -0.099 |           0.583 |     0 |  0 |              0 |     0 |  0 |              0 |    80 |  0 |              0 |     0 |  0 |              0 |
| DUT/u_input_layer_unit/u_input_layer/p_0_in                                                                                                                        |     80 | LUT5        |          -0.205 |           0.357 |    80 |  0 |              0 |     0 |  0 |              0 |     0 |  0 |              0 |     0 |  0 |              0 |
| DUT/u_bnn_hidden/GEN_LAYERS[0].GEN_H0.GEN_H0_NONFINAL.u_bnn_layer/u_layer/u_np_layer/GEN_NP[23].u_np_mem/u_np/u_fsm/u_valid_align/GEN_DELAY[8].ff_i/q_reg_rep__3_0 |     78 | FDCE        |          -0.100 |           0.490 |     0 |  0 |              0 |     0 |  0 |              0 |    78 |  0 |              0 |     0 |  0 |              0 |
| DUT/u_bnn_hidden/GEN_LAYERS[0].GEN_H0.GEN_H0_NONFINAL.u_bnn_layer/u_layer/u_np_layer/GEN_NP[23].u_np_mem/u_np/u_fsm/u_valid_align/GEN_DELAY[8].ff_i/q_reg_rep__0_0 |     77 | FDCE        |          -0.119 |           0.610 |     0 |  0 |              0 |     0 |  0 |              0 |    77 |  0 |              0 |     0 |  0 |              0 |
| DUT/u_bnn_hidden/GEN_LAYERS[0].GEN_H0.GEN_H0_NONFINAL.u_bnn_layer/u_cfg_ctrl/w_prep_bank_r[4]_i_1__0_n_0                                                           |     76 | LUT3        |          -0.099 |           0.459 |    76 |  0 |              0 |     0 |  0 |              0 |     0 |  0 |              0 |     0 |  0 |              0 |
| DUT/u_bnn_hidden/GEN_LAYERS[1].GEN_HN.GEN_HN_NONFINAL.u_bnn_layer/u_layer/u_np_layer/GEN_NP[25].u_np_mem/u_np/u_fsm/u_valid_align/GEN_DELAY[8].ff_i/q_reg_rep__1_0 |     76 | FDCE        |          -0.136 |           0.322 |     0 |  0 |              0 |     0 |  0 |              0 |    76 |  0 |              0 |     0 |  0 |              0 |
+--------------------------------------------------------------------------------------------------------------------------------------------------------------------+--------+-------------+-----------------+-----------------+-------+----+----------------+-------+----+----------------+-------+----+----------------+-------+----+----------------+


